[resolve] bench=Multi dataset=ByteDance-Seed/Multi-SWE-bench split=test need=156
Downloading readme: 0.00B [00:00, ?B/s]Downloading readme: 11.3kB [00:00, 63.6kB/s]
[resolve][warn] bench=Multi instance_id=facebook__zstd-2094 computed_image_is_empty
[resolve][warn] bench=Multi instance_id=facebook__zstd-1733 computed_image_is_empty
[resolve][warn] bench=Multi instance_id=facebook__zstd-1532 computed_image_is_empty
[resolve][warn] bench=Multi instance_id=facebook__zstd-1390 computed_image_is_empty
[resolve][warn] bench=Multi instance_id=facebook__zstd-1243 computed_image_is_empty
[resolve][warn] bench=Multi instance_id=facebook__zstd-1105 computed_image_is_empty
[resolve][warn] bench=Multi instance_id=facebook__zstd-637 computed_image_is_empty
[resolve][warn] bench=Multi instance_id=jqlang__jq-2919 computed_image_is_empty
[resolve][warn] bench=Multi instance_id=jqlang__jq-2654 computed_image_is_empty
[resolve][warn] bench=Multi instance_id=jqlang__jq-1793 computed_image_is_empty
[resolve][warn] bench=Multi instance_id=ponylang__ponyc-4595 computed_image_is_empty
[resolve][warn] bench=Multi instance_id=ponylang__ponyc-3973 computed_image_is_empty
[resolve][warn] bench=Multi instance_id=ponylang__ponyc-3962 computed_image_is_empty
[resolve][warn] bench=Multi instance_id=ponylang__ponyc-2586 computed_image_is_empty
[resolve][warn] bench=Multi instance_id=ponylang__ponyc-2532 computed_image_is_empty
[resolve][warn] bench=Multi instance_id=ponylang__ponyc-2261 computed_image_is_empty
[resolve][warn] bench=Multi instance_id=ponylang__ponyc-2247 computed_image_is_empty
[resolve][warn] bench=Multi instance_id=ponylang__ponyc-2205 computed_image_is_empty
[resolve][warn] bench=Multi instance_id=ponylang__ponyc-2201 computed_image_is_empty
[resolve][warn] bench=Multi instance_id=ponylang__ponyc-2168 computed_image_is_empty
[resolve][warn] bench=Multi instance_id=ponylang__ponyc-1486 computed_image_is_empty
[resolve][warn] bench=Multi instance_id=ponylang__ponyc-1124 computed_image_is_empty
[resolve][warn] bench=Multi instance_id=ponylang__ponyc-1057 computed_image_is_empty
[resolve][warn] bench=Multi instance_id=catchorg__Catch2-1608 computed_image_is_empty
[resolve][warn] bench=Multi instance_id=fmtlib__fmt-4286 computed_image_is_empty
[resolve][warn] bench=Multi instance_id=fmtlib__fmt-2394 computed_image_is_empty
[resolve][warn] bench=Multi instance_id=fmtlib__fmt-1663 computed_image_is_empty
[resolve][warn] bench=Multi instance_id=nlohmann__json-4512 computed_image_is_empty
[resolve][warn] bench=Multi instance_id=nlohmann__json-3601 computed_image_is_empty
[resolve][warn] bench=Multi instance_id=nlohmann__json-2989 computed_image_is_empty
[resolve][warn] bench=Multi instance_id=nlohmann__json-2225 computed_image_is_empty
[resolve][warn] bench=Multi instance_id=simdjson__simdjson-2016 computed_image_is_empty
[resolve][warn] bench=Multi instance_id=simdjson__simdjson-1695 computed_image_is_empty
[resolve][warn] bench=Multi instance_id=cli__cli-10048 computed_image_is_empty
[resolve][warn] bench=Multi instance_id=cli__cli-8632 computed_image_is_empty
[resolve][warn] bench=Multi instance_id=cli__cli-8157 computed_image_is_empty
[resolve][warn] bench=Multi instance_id=cli__cli-7645 computed_image_is_empty
[resolve][warn] bench=Multi instance_id=cli__cli-7180 computed_image_is_empty
[resolve][warn] bench=Multi instance_id=cli__cli-7110 computed_image_is_empty
[resolve][warn] bench=Multi instance_id=cli__cli-6706 computed_image_is_empty
[resolve][warn] bench=Multi instance_id=cli__cli-6122 computed_image_is_empty
[resolve][warn] bench=Multi instance_id=cli__cli-5973 computed_image_is_empty
[resolve][warn] bench=Multi instance_id=cli__cli-5698 computed_image_is_empty
[resolve][warn] bench=Multi instance_id=cli__cli-5648 computed_image_is_empty
[resolve][warn] bench=Multi instance_id=cli__cli-5537 computed_image_is_empty
[resolve][warn] bench=Multi instance_id=cli__cli-5396 computed_image_is_empty
[resolve][warn] bench=Multi instance_id=cli__cli-5047 computed_image_is_empty
[resolve][warn] bench=Multi instance_id=cli__cli-5019 computed_image_is_empty
[resolve][warn] bench=Multi instance_id=cli__cli-4676 computed_image_is_empty
[resolve][warn] bench=Multi instance_id=cli__cli-4253 computed_image_is_empty
[resolve][warn] bench=Multi instance_id=cli__cli-3982 computed_image_is_empty
[resolve][warn] bench=Multi instance_id=cli__cli-3832 computed_image_is_empty
[resolve][warn] bench=Multi instance_id=cli__cli-3608 computed_image_is_empty
[resolve][warn] bench=Multi instance_id=cli__cli-3270 computed_image_is_empty
[resolve][warn] bench=Multi instance_id=cli__cli-2888 computed_image_is_empty
[resolve][warn] bench=Multi instance_id=cli__cli-2785 computed_image_is_empty
[resolve][warn] bench=Multi instance_id=cli__cli-2466 computed_image_is_empty
[resolve][warn] bench=Multi instance_id=cli__cli-2351 computed_image_is_empty
[resolve][warn] bench=Multi instance_id=cli__cli-2250 computed_image_is_empty
[resolve][warn] bench=Multi instance_id=cli__cli-1580 computed_image_is_empty
[resolve][warn] bench=Multi instance_id=cli__cli-1567 computed_image_is_empty
[resolve][warn] bench=Multi instance_id=cli__cli-1457 computed_image_is_empty
[resolve][warn] bench=Multi instance_id=cli__cli-1387 computed_image_is_empty
[resolve][warn] bench=Multi instance_id=cli__cli-513 computed_image_is_empty
[resolve][warn] bench=Multi instance_id=cli__cli-495 computed_image_is_empty
[resolve][warn] bench=Multi instance_id=grpc__grpc-go-2996 computed_image_is_empty
[resolve][warn] bench=Multi instance_id=zeromicro__go-zero-1969 computed_image_is_empty
[resolve][warn] bench=Multi instance_id=alibaba__fastjson2-2775 computed_image_is_empty
[resolve][warn] bench=Multi instance_id=alibaba__fastjson2-2559 computed_image_is_empty
[resolve][warn] bench=Multi instance_id=elastic__logstash-14970 computed_image_is_empty
[resolve][warn] bench=Multi instance_id=elastic__logstash-14027 computed_image_is_empty
[resolve][warn] bench=Multi instance_id=fasterxml__jackson-core-1016 computed_image_is_empty
[resolve][warn] bench=Multi instance_id=fasterxml__jackson-core-964 computed_image_is_empty
[resolve][warn] bench=Multi instance_id=fasterxml__jackson-core-183 computed_image_is_empty
[resolve][warn] bench=Multi instance_id=fasterxml__jackson-databind-4641 computed_image_is_empty
[resolve][warn] bench=Multi instance_id=fasterxml__jackson-databind-4469 computed_image_is_empty
[resolve][warn] bench=Multi instance_id=fasterxml__jackson-databind-4050 computed_image_is_empty
[resolve][warn] bench=Multi instance_id=fasterxml__jackson-databind-4015 computed_image_is_empty
[resolve][warn] bench=Multi instance_id=fasterxml__jackson-databind-3701 computed_image_is_empty
[resolve][warn] bench=Multi instance_id=fasterxml__jackson-dataformat-xml-638 computed_image_is_empty
[resolve][warn] bench=Multi instance_id=google__gson-1391 computed_image_is_empty
[resolve][warn] bench=Multi instance_id=mockito__mockito-3220 computed_image_is_empty
[resolve][warn] bench=Multi instance_id=axios__axios-5661 computed_image_is_empty
[resolve][warn] bench=Multi instance_id=expressjs__express-3870 computed_image_is_empty
[resolve][warn] bench=Multi instance_id=iamkun__dayjs-1725 computed_image_is_empty
[resolve][warn] bench=Multi instance_id=iamkun__dayjs-1611 computed_image_is_empty
[resolve][warn] bench=Multi instance_id=iamkun__dayjs-1414 computed_image_is_empty
[resolve][warn] bench=Multi instance_id=iamkun__dayjs-1319 computed_image_is_empty
[resolve][warn] bench=Multi instance_id=iamkun__dayjs-938 computed_image_is_empty
[resolve][warn] bench=Multi instance_id=iamkun__dayjs-882 computed_image_is_empty
[resolve][warn] bench=Multi instance_id=iamkun__dayjs-734 computed_image_is_empty
[resolve][warn] bench=Multi instance_id=sveltejs__svelte-14935 computed_image_is_empty
[resolve][warn] bench=Multi instance_id=sveltejs__svelte-14629 computed_image_is_empty
[resolve][warn] bench=Multi instance_id=sveltejs__svelte-14276 computed_image_is_empty
[resolve][warn] bench=Multi instance_id=sveltejs__svelte-14007 computed_image_is_empty
[resolve][warn] bench=Multi instance_id=sveltejs__svelte-13097 computed_image_is_empty
[resolve][warn] bench=Multi instance_id=sveltejs__svelte-12649 computed_image_is_empty
[resolve][warn] bench=Multi instance_id=sveltejs__svelte-12098 computed_image_is_empty
[resolve][warn] bench=Multi instance_id=sveltejs__svelte-11913 computed_image_is_empty
[resolve][warn] bench=Multi instance_id=sveltejs__svelte-10608 computed_image_is_empty
[resolve][warn] bench=Multi instance_id=sveltejs__svelte-9962 computed_image_is_empty
[resolve][warn] bench=Multi instance_id=BurntSushi__ripgrep-1367 computed_image_is_empty
[resolve][warn] bench=Multi instance_id=clap-rs__clap-4474 computed_image_is_empty
[resolve][warn] bench=Multi instance_id=clap-rs__clap-4248 computed_image_is_empty
[resolve][warn] bench=Multi instance_id=clap-rs__clap-3975 computed_image_is_empty
[resolve][warn] bench=Multi instance_id=clap-rs__clap-3684 computed_image_is_empty
[resolve][warn] bench=Multi instance_id=clap-rs__clap-3421 computed_image_is_empty
[resolve][warn] bench=Multi instance_id=clap-rs__clap-3420 computed_image_is_empty
[resolve][warn] bench=Multi instance_id=clap-rs__clap-3179 computed_image_is_empty
[resolve][warn] bench=Multi instance_id=clap-rs__clap-2895 computed_image_is_empty
[resolve][warn] bench=Multi instance_id=clap-rs__clap-2758 computed_image_is_empty
[resolve][warn] bench=Multi instance_id=clap-rs__clap-2534 computed_image_is_empty
[resolve][warn] bench=Multi instance_id=clap-rs__clap-2529 computed_image_is_empty
[resolve][warn] bench=Multi instance_id=clap-rs__clap-2501 computed_image_is_empty
[resolve][warn] bench=Multi instance_id=clap-rs__clap-1869 computed_image_is_empty
[resolve][warn] bench=Multi instance_id=nushell__nushell-13357 computed_image_is_empty
[resolve][warn] bench=Multi instance_id=rayon-rs__rayon-986 computed_image_is_empty
[resolve][warn] bench=Multi instance_id=tokio-rs__bytes-721 computed_image_is_empty
[resolve][warn] bench=Multi instance_id=tokio-rs__tokio-4519 computed_image_is_empty
[resolve][warn] bench=Multi instance_id=tokio-rs__tracing-2897 computed_image_is_empty
[resolve][warn] bench=Multi instance_id=tokio-rs__tracing-1236 computed_image_is_empty
[resolve][warn] bench=Multi instance_id=darkreader__darkreader-7241 computed_image_is_empty
[resolve][warn] bench=Multi instance_id=mui__material-ui-39775 computed_image_is_empty
[resolve][warn] bench=Multi instance_id=mui__material-ui-39196 computed_image_is_empty
[resolve][warn] bench=Multi instance_id=mui__material-ui-39108 computed_image_is_empty
[resolve][warn] bench=Multi instance_id=mui__material-ui-38188 computed_image_is_empty
[resolve][warn] bench=Multi instance_id=mui__material-ui-38100 computed_image_is_empty
[resolve][warn] bench=Multi instance_id=mui__material-ui-37855 computed_image_is_empty
[resolve][warn] bench=Multi instance_id=mui__material-ui-37850 computed_image_is_empty
[resolve][warn] bench=Multi instance_id=mui__material-ui-36659 computed_image_is_empty
[resolve][warn] bench=Multi instance_id=mui__material-ui-36088 computed_image_is_empty
[resolve][warn] bench=Multi instance_id=mui__material-ui-35086 computed_image_is_empty
[resolve][warn] bench=Multi instance_id=mui__material-ui-34437 computed_image_is_empty
[resolve][warn] bench=Multi instance_id=mui__material-ui-34401 computed_image_is_empty
[resolve][warn] bench=Multi instance_id=mui__material-ui-34337 computed_image_is_empty
[resolve][warn] bench=Multi instance_id=mui__material-ui-34229 computed_image_is_empty
[resolve][warn] bench=Multi instance_id=mui__material-ui-34159 computed_image_is_empty
[resolve][warn] bench=Multi instance_id=mui__material-ui-33692 computed_image_is_empty
[resolve][warn] bench=Multi instance_id=mui__material-ui-32626 computed_image_is_empty
[resolve][warn] bench=Multi instance_id=mui__material-ui-31998 computed_image_is_empty
[resolve][warn] bench=Multi instance_id=mui__material-ui-30374 computed_image_is_empty
[resolve][warn] bench=Multi instance_id=mui__material-ui-29898 computed_image_is_empty
[resolve][warn] bench=Multi instance_id=mui__material-ui-25149 computed_image_is_empty
[resolve][warn] bench=Multi instance_id=mui__material-ui-24202 computed_image_is_empty
[resolve][warn] bench=Multi instance_id=mui__material-ui-23884 computed_image_is_empty
[resolve][warn] bench=Multi instance_id=vuejs__core-11899 computed_image_is_empty
[resolve][warn] bench=Multi instance_id=vuejs__core-11517 computed_image_is_empty
[resolve][warn] bench=Multi instance_id=vuejs__core-11338 computed_image_is_empty
[resolve][warn] bench=Multi instance_id=vuejs__core-11201 computed_image_is_empty
[resolve][warn] bench=Multi instance_id=vuejs__core-10289 computed_image_is_empty
[resolve][warn] bench=Multi instance_id=vuejs__core-10250 computed_image_is_empty
[resolve][warn] bench=Multi instance_id=vuejs__core-10027 computed_image_is_empty
[resolve][warn] bench=Multi instance_id=vuejs__core-10004 computed_image_is_empty
[resolve][warn] bench=Multi instance_id=vuejs__core-9572 computed_image_is_empty
[resolve][warn] bench=Multi instance_id=vuejs__core-9213 computed_image_is_empty
[resolve][warn] bench=Multi instance_id=vuejs__core-8538 computed_image_is_empty
[resolve][warn] bench=Multi instances_missing_computed_images=156 e.g. ponylang__ponyc-2205
[resolve] bench=Poly dataset=AmazonScience/SWE-PolyBench split=test need=116
Downloading readme: 0.00B [00:00, ?B/s]Downloading readme: 3.65kB [00:00, 16.4MB/s]
[resolve] bench=Pro dataset=ScaleAI/SWE-bench_Pro split=test need=54
Downloading readme: 0.00B [00:00, ?B/s]Downloading readme: 2.62kB [00:00, 14.4MB/s]
[resolve] bench=Verified dataset=princeton-nlp/SWE-Bench_Verified split=test need=174
Downloading readme: 0.00B [00:00, ?B/s]Downloading readme: 3.34kB [00:00, 4.74kB/s]
